// Jest Snapshot v1, https://goo.gl/fbAQLP

exports[`renders index unchanged 1`] = `
<div>
  <div
    class="Index"
  >
    <div
      class="indexContainer"
    >
      <div
        class="Logo stacked"
        data-testid="Logo"
      >
        <div
          class="imageContainer"
        >
          <img
            src="/images/spongebob.png"
          />
        </div>
        <h1>
          I Wonder
        </h1>
      </div>
      <div
        class="Tagline Tagline"
        data-testid="Tagline"
      >
        <p>
          Do you even remember what the issue is
        </p>
        <p>
          You just trying to find where the tissue is
        </p>
        <p
          class="fst-italic"
        >
          I Wonder, Kanye West
        </p>
      </div>
      <form
        class="Search Search"
        data-testid="Search"
      >
        <div
          class="form-floating"
        >
          <input
            class="form-control "
            data-testid="input"
            id="githubUrl"
            placeholder="Github URL"
            type="text"
          />
          <label
            data-testid="label"
            for="githubUrl"
          >
            Github URL
          </label>
          <img
            src="/icons/search.svg"
          />
        </div>
        <div
          class="buttonContainer"
        >
          <button
            class="btn btn-primary"
            data-testid="submit"
            type="submit"
          >
            View issues
          </button>
          <button
            class="btn btn-outline-primary"
            data-testid="lucky"
            type="button"
          >
            Feeling lucky
          </button>
        </div>
      </form>
    </div>
  </div>
</div>
`;
